---
source: tests/ui_snapshots.rs
expression: output
---
 reef  [TMPDIR]  ⎇ master
 📁  Files │ 🔎  Search │ ⎇ Git │ ⑂ Graph        ⊟  1:Files 2:Search 3:Git 4:Graph
 +   📁    ↻   ⊟        │
 ▸ src ●               │
   README.md           │
    ┌────────────────────┐
    │  New File          │
    │  New Folder        │
    │  Rename            │
    │  Delete            │
    │  Reveal in Finder  │                Select a file to preview
    └────────────────────┘
                       │
                       │
                       │
                       │
                       │
                       │
                       │
                     q:quit Tab:switch s:stage u:unstage r:refresh h:help
