---
source: crates/reef-host/tests/ui_snapshots.rs
expression: output
---
 reef  [TMPDIR]  ⎇ (detached)
 📁  Files │ ⎇ Git │ ⑂ Graph                                1:Files 2:Git 3:Graph
 (empty)               │
                       │
                       │
                       │
                       │
                       │
                       │
                       │
                       │                  选 择 一 个 文 件 预 览 内 容
                       │
                       │
                       │
                       │
                       │
                       │
                       │
                       │
                     q:退 出  Tab:切 换  s:暂 存  u:取 消  r:刷 新  h:帮 助
