---
source: tests/ui_snapshots.rs
assertion_line: 454
expression: output
---
 reef  [TMPDIR]  ⎇ master
 📁  Files │ 🔎  Search │ ⎇ Git │ ⑂ Graph           1:Files 2:Search 3:Git 4:Graph
  ┌ Message (commit sta│
  │                    │
  └                    │
    ✓ Commit   (Ctrl+En│
                       │
 View: list            │
                       │
 ⌄ Changes  2 Stage all│
   new.txt +1 U + ↺    │                 Select a file to view diff
   ...txt +1 -1 M + ↺  │
                       │
                       │
                       │
                       │
                       │
                       │
                       │
                     q:quit Tab:switch s:stage u:unstage r:refresh h:help
