---
source: tests/ui_snapshots.rs
assertion_line: 105
expression: output
---
 reef  [TMPDIR]  ⎇ master
 📁  Files │ ⎇ Git │ ⑂ Graph                                1:Files 2:Git 3:Graph
 View: list            │
                       │
 ⌄ Changes  2 Stage all│
   new.txt U + ↺       │
   tracked.txt M + ↺   │
                       │
                       │
                       │
                       │                 Select a file to view diff
                       │
                       │
                       │
                       │
                       │
                       │
                       │
                       │
                     q:quit Tab:switch s:stage u:unstage r:refresh h:help
