---
source: tests/ui_snapshots.rs
assertion_line: 126
expression: output
---
 reef  [TMPDIR]  ⎇ master
 📁  Files │ 🔎  Search │ ⎇ Git │ ⑂ Graph        ⊟  1:Files 2:Search 3:Git 4:Graph
 Repository            │
 * .                   │
                       │
  ┌ Message (commit sta│
  │                    │
  └                    │
    ✓ Commit   (Ctrl+En│
                       │
 View: list            │                 Select a file to view diff
                       │
 ⌄ Changes  2 Stage all│
   new.txt +1 U ↗ + ↺  │
   ...t +1 -1 M ↗ + ↺  │
                       │
                       │
                       │
                       │
                  q:quit Tab:switch s:stage u:unstage r:refresh h:help  [Files]
